
> ipos-zen@2.0.0 electron:build
> next build && electron-builder

Ôû▓ Next.js 16.2.6 (Turbopack)

  Creating an optimized production build ...
Ô£ô Compiled successfully in 44s
  Running TypeScript ...
  Finished TypeScript in 24.5s ...
  Collecting page data using 3 workers ...
  Generating static pages using 3 workers (0/22) ...
  Generating static pages using 3 workers (5/22) 
  Generating static pages using 3 workers (10/22) 
  Generating static pages using 3 workers (16/22) 
Ô£ô Generating static pages using 3 workers (22/22) in 1975ms
  Finalizing page optimization ...

Route (app)
Ôöî Ôùï /
Ôö£ Ôùï /_not-found
Ôö£ Ôùï /bread
Ôö£ Ôùï /customers
Ôö£ Ôùï /customers/detail
Ôö£ Ôùï /dashboard
Ôö£ Ôùï /debt-alerts
Ôö£ Ôùï /expenses
Ôö£ Ôùï /install
Ôö£ Ôùï /manifest.webmanifest
Ôö£ Ôùï /products
Ôö£ Ôùï /profile
Ôö£ Ôùï /returns
Ôö£ Ôùï /returns/new
Ôö£ Ôùï /sales-history
Ôö£ Ôùï /sell
Ôö£ Ôùï /settings
Ôö£ Ôùï /stock
Ôö£ Ôùï /stock/intake
Ôö£ Ôùï /stock/suppliers/detail
Ôöö Ôùï /zakat


Ôùï  (Static)  prerendered as static content

  ÔÇó electron-builder  version=26.8.1 os=10.0.19045
  ÔÇó loaded configuration  file=package.json ("build" field)
  ÔÇó executing @electron/rebuild  electronVersion=41.5.0 arch=x64 buildFromSource=false workspaceRoot=C:\Users\bilal\Desktop\ipos-final-v2 (1)\ipos-final projectDir=./ appDir=./
  ÔÇó installing native dependencies  arch=x64
  ÔÇó completed installing native dependencies
  ÔÇó packaging       platform=win32 arch=x64 electron=41.5.0 appOutDir=dist\win-unpacked
  ÔÇó searching for node modules  pm=npm searchDir=C:\Users\bilal\Desktop\ipos-final-v2 (1)\ipos-final
(node:1972) [DEP0190] DeprecationWarning: Passing args to a child process with shell option true can lead to security vulnerabilities, as the arguments are not escaped, only concatenated.
(Use `node --trace-deprecation ...` to show where the warning was created)
  ÔÇó collector stderr output  dependencies=["npm error code ELSPROBLEMS\nnpm error extraneous: @emnapi/runtime@1.10.0 C:\\Users\\bilal\\Desktop\\ipos-final-v2 (1)\\ipos-final\\node_modules\\@emnapi\\runtime\nnpm error invalid: @radix-ui/react-scroll-area@1.2.10 C:\\Users\\bilal\\Desktop\\ipos-final-v2 (1)\\ipos-final\\node_modules\\@radix-ui\\react-scroll-area\nnpm error invalid: @radix-ui/react-slot@1.2.0 C:\\Users\\bilal\\Desktop\\ipos-final-v2 (1)\\ipos-final\\node_modules\\@radix-ui\\react-slot\nnpm error invalid: @radix-ui/react-tooltip@1.2.3 C:\\Users\\bilal\\Desktop\\ipos-final-v2 (1)\\ipos-final\\node_modules\\@radix-ui\\react-tooltip\nnpm error invalid: react-dom@19.2.6 C:\\Users\\bilal\\Desktop\\ipos-final-v2 (1)\\ipos-final\\node_modules\\react-dom\nnpm error invalid: react@19.2.6 C:\\Users\\bilal\\Desktop\\ipos-final-v2 (1)\\ipos-final\\node_modules\\react\nnpm error invalid: date-fns@4.1.0 C:\\Users\\bilal\\Desktop\\ipos-final-v2 (1)\\ipos-final\\node_modules\\date-fns\nnpm error invalid: @types/react@19.2.14 C:\\Users\\bilal\\Desktop\\ipos-final-v2 (1)\\ipos-final\\node_modules\\@types\\react\nnpm error A complete log of this run can be found in: C:\\Users\\bilal\\AppData\\Local\\npm-cache\\_logs\\2026-05-08T14_09_32_388Z-debug-0.log\n"]
  ÔÇó duplicate dependency references  dependencies=["@types/react@19.2.14","@types/react@19.2.14","@radix-ui/react-dialog@1.1.15","@radix-ui/react-slot@1.2.3","@types/react@19.2.14","react-dom@19.2.6","@types/react@19.2.14","@types/react@19.2.14","react-dom@19.2.6","@types/react@19.2.14","@radix-ui/react-slot@1.2.0","@types/react@19.2.14","react-dom@19.2.6","@types/react@19.2.14","@types/react@19.2.14","@types/react@19.2.14","@types/react@19.2.14","react-dom@19.2.6","@types/react@19.2.14","@types/react@19.2.14","@types/react@19.2.14","@types/react@19.2.14","react-dom@19.2.6","@radix-ui/react-slot@1.2.0","@types/react@19.2.14","react-dom@19.2.6","@types/react@19.2.14","@types/react@19.2.14","@types/react@19.2.14","@types/react@19.2.14","@types/react@19.2.14","@types/react@19.2.14","@types/react@19.2.14","@types/react@19.2.14","react-dom@19.2.6","@types/react@19.2.14","@types/react@19.2.14","@types/react@19.2.14","@types/react@19.2.14","@types/react@19.2.14","react-dom@19.2.6","@types/react@19.2.14","@types/react@19.2.14","@types/react@19.2.14","@types/react@19.2.14","react-dom@19.2.6","@types/react@19.2.14","@types/react@19.2.14","@types/react@19.2.14","@types/react@19.2.14","react-dom@19.2.6","@types/react@19.2.14","@types/react@19.2.14","react-dom@19.2.6","@types/react@19.2.14","@types/react@19.2.14","@types/react@19.2.14","@types/react@19.2.14","@types/react@19.2.14","react-dom@19.2.6","@types/react@19.2.14","@types/react@19.2.14","react-dom@19.2.6","@types/react@19.2.14","@types/react@19.2.14","react-dom@19.2.6","@radix-ui/react-slot@1.2.3","@types/react@19.2.14","react-dom@19.2.6","@types/react@19.2.14","@radix-ui/react-use-controllable-state@1.2.2","@types/react@19.2.14","react-dom@19.2.6","@types/react@19.2.14","@types/react@19.2.14","react-style-singleton@2.2.3","@types/react@19.2.14","@types/react@19.2.14","@types/react@19.2.14","@types/react@19.2.14","@types/react@19.2.14","@radix-ui/react-id@1.1.1","@radix-ui/react-collection@1.1.4","@types/react@19.2.14","@types/react@19.2.14","@radix-ui/react-primitive@2.1.0","@radix-ui/react-use-escape-keydown@1.1.1","@types/react@19.2.14","react-dom@19.2.6","@types/react@19.2.14","@radix-ui/react-primitive@2.1.0","@types/react@19.2.14","react-dom@19.2.6","@radix-ui/react-id@1.1.1","@radix-ui/react-popper@1.2.4","@radix-ui/react-primitive@2.1.0","@types/react@19.2.14","@types/react@19.2.14","react-dom@19.2.6","@types/react@19.2.14","react-dom@19.2.6","@radix-ui/react-slot@1.2.0","@types/react@19.2.14","react-dom@19.2.6","@radix-ui/react-roving-focus@1.1.7","@radix-ui/react-slot@1.2.0","@types/react@19.2.14","@types/react@19.2.14","aria-hidden@1.2.6","react-dom@19.2.6","react-remove-scroll@2.7.2","@radix-ui/react-slot@1.2.0","@types/react@19.2.14","react-dom@19.2.6","@radix-ui/react-use-controllable-state@1.2.2","@types/react@19.2.14","react-dom@19.2.6","@radix-ui/react-slot@1.2.0","@types/react@19.2.14","react-dom@19.2.6","@types/react@19.2.14","react-dom@19.2.6","@types/react@19.2.14","@types/react@19.2.14","@radix-ui/react-primitive@2.1.0","@types/react@19.2.14","@radix-ui/react-use-escape-keydown@1.1.1","@types/react@19.2.14","react-dom@19.2.6","@types/react@19.2.14","@radix-ui/react-primitive@2.1.0","@types/react@19.2.14","react-dom@19.2.6","@radix-ui/react-id@1.1.1","react-dom@19.2.6","@radix-ui/react-slot@1.2.0","@types/react@19.2.14","react-dom@19.2.6","@types/react@19.2.14","react-dom@19.2.6","@types/react@19.2.14","@types/react@19.2.14","@radix-ui/react-slot@1.2.0","@types/react@19.2.14","react-dom@19.2.6","@types/react@19.2.14","@types/react@19.2.14","@types/react@19.2.14","@radix-ui/react-use-size@1.1.1","@types/react@19.2.14","react-dom@19.2.6","@radix-ui/react-primitive@2.1.0","@types/react@19.2.14","@types/react@19.2.14","react-dom@19.2.6","@types/react@19.2.14","react-dom@19.2.6","@radix-ui/react-slot@1.2.0","@types/react@19.2.14","react-dom@19.2.6","@radix-ui/react-slot@1.2.0","@radix-ui/react-use-controllable-state@1.2.2","@types/react@19.2.14","aria-hidden@1.2.6","react-dom@19.2.6","react-remove-scroll@2.7.2","@types/react@19.2.14","@radix-ui/react-slot@1.2.0","@types/react@19.2.14","react-dom@19.2.6","@types/react@19.2.14","react-dom@19.2.6","@types/react@19.2.14","@types/react@19.2.14","@types/react@19.2.14","@types/react@19.2.14","@types/react@19.2.14","react-dom@19.2.6","@types/react@19.2.14","@types/react@19.2.14","react-dom@19.2.6","@radix-ui/react-primitive@2.0.0","@radix-ui/react-slot@1.1.0","@types/react@19.2.14","react-dom@19.2.6","@types/react@19.2.14","@radix-ui/react-primitive@2.0.0","@types/react@19.2.14","@radix-ui/react-use-controllable-state@1.1.0","@types/react@19.2.14","react-dom@19.2.6","@types/react@19.2.14","@types/react@19.2.14","@types/react@19.2.14","@types/react@19.2.14","react-dom@19.2.6","@types/react@19.2.14","@types/react@19.2.14","@types/react@19.2.14","@types/react@19.2.14","react-dom@19.2.6","@types/react@19.2.14","@types/react@19.2.14","react-dom@19.2.6","@types/react@19.2.14","@types/react@19.2.14","@types/react@19.2.14","react-dom@19.2.6","@types/react@19.2.14","@types/react@19.2.14","@radix-ui/react-slot@1.2.0","@types/react@19.2.14","react-dom@19.2.6","@radix-ui/react-slot@1.2.0","@types/react@19.2.14","react-dom@19.2.6","@types/react@19.2.14","@types/react@19.2.14","@radix-ui/react-primitive@2.1.0","@radix-ui/react-use-escape-keydown@1.1.1","@types/react@19.2.14","react-dom@19.2.6","@types/react@19.2.14","@radix-ui/react-primitive@2.1.0","@types/react@19.2.14","react-dom@19.2.6","@radix-ui/react-id@1.1.1","@radix-ui/react-popper@1.2.4","@radix-ui/react-primitive@2.1.0","@types/react@19.2.14","react-dom@19.2.6","@radix-ui/react-slot@1.2.0","@types/react@19.2.14","react-dom@19.2.6","@radix-ui/react-slot@1.2.0","@types/react@19.2.14","@radix-ui/react-use-controllable-state@1.2.2","@types/react@19.2.14","@radix-ui/react-slot@1.2.0","@types/react@19.2.14","react-dom@19.2.6","@types/react@19.2.14","react-dom@19.2.6","@types/react@19.2.14","aria-hidden@1.2.6","react-dom@19.2.6","react-remove-scroll@2.7.2","@radix-ui/react-slot@1.2.0","@types/react@19.2.14","react-dom@19.2.6","@types/react@19.2.14","react-dom@19.2.6","@types/react@19.2.14","@types/react@19.2.14","@types/react@19.2.14","@types/react@19.2.14","@radix-ui/react-slot@1.2.0","@types/react@19.2.14","react-dom@19.2.6","@radix-ui/react-use-controllable-state@1.2.2","@radix-ui/react-use-size@1.1.1","@types/react@19.2.14","react-dom@19.2.6","@types/react@19.2.14","@radix-ui/react-id@1.1.1","@types/react@19.2.14","@types/react@19.2.14","@types/react@19.2.14","react-dom@19.2.6","@radix-ui/react-slot@1.2.0","@types/react@19.2.14","react-dom@19.2.6","@radix-ui/react-collection@1.1.4","@types/react@19.2.14","@types/react@19.2.14","@radix-ui/react-id@1.1.1","@radix-ui/react-slot@1.2.0","@types/react@19.2.14","react-dom@19.2.6","@types/react@19.2.14","@radix-ui/react-use-controllable-state@1.2.2","@types/react@19.2.14","react-dom@19.2.6","@radix-ui/react-use-controllable-state@1.2.2","@types/react@19.2.14","react-dom@19.2.6","@types/react@19.2.14","@types/react@19.2.14","@radix-ui/react-primitive@2.1.0","@types/react@19.2.14","@radix-ui/react-use-escape-keydown@1.1.1","@types/react@19.2.14","react-dom@19.2.6","@radix-ui/react-id@1.1.1","@radix-ui/react-popper@1.2.4","@radix-ui/react-primitive@2.1.0","@types/react@19.2.14","@types/react@19.2.14","react-dom@19.2.6","@types/react@19.2.14","react-dom@19.2.6","@radix-ui/react-slot@1.2.0","@types/react@19.2.14","react-dom@19.2.6","@radix-ui/react-slot@1.2.0","@radix-ui/react-use-controllable-state@1.2.2","@radix-ui/react-visually-hidden@1.2.0","@types/react@19.2.14","react-dom@19.2.6","react-dom@19.2.6","@types/react@19.2.14","@types/react@19.2.14","@radix-ui/primitive@1.0.1","@radix-ui/react-compose-refs@1.0.1","@radix-ui/react-primitive@1.0.3","@types/react@19.2.14","@radix-ui/react-use-callback-ref@1.0.1","@types/react@19.2.14","@types/react@19.2.14","react-dom@19.2.6","@types/react@19.2.14","@radix-ui/react-compose-refs@1.0.1","@radix-ui/react-primitive@1.0.3","@radix-ui/react-use-callback-ref@1.0.1","@types/react@19.2.14","react-dom@19.2.6","@types/react@19.2.14","@types/react@19.2.14","@radix-ui/react-primitive@1.0.3","@types/react@19.2.14","react-dom@19.2.6","@radix-ui/react-compose-refs@1.0.1","@radix-ui/react-use-layout-effect@1.0.1","@types/react@19.2.14","react-dom@19.2.6","@radix-ui/react-primitive@1.0.3","@radix-ui/react-compose-refs@1.0.1","@types/react@19.2.14","@radix-ui/react-use-callback-ref@1.0.1","@types/react@19.2.14","@types/react@19.2.14","aria-hidden@1.2.6","react-dom@19.2.6","@types/react@19.2.14","react-remove-scroll-bar@2.3.8","react-style-singleton@2.2.3","use-callback-ref@1.3.3","use-sidecar@1.1.3","@radix-ui/react-compose-refs@1.0.1","@types/react@19.2.14","@types/react@19.2.14","react-dom@19.2.6","react-dom@19.2.6","utrie@1.0.2","html2canvas@1.4.1","react-dom@19.2.6","react-dom@19.2.6","string-width@4.2.3","string-width@4.2.3","strip-ansi@6.0.1","strip-ansi@6.0.1","react-dom@19.2.6","react-dom@19.2.6","react-dom@19.2.6","react-dom@19.2.6","react-redux@9.2.0","react-dom@19.2.6","@types/react@19.2.14","d3-array@3.2.4","d3-interpolate@3.0.1","d3-time@3.1.0","d3-time@3.1.0","d3-array@3.2.4","react-dom@19.2.6","@types/react@19.2.14"]
  ÔÇó updating asar integrity executable resource  executablePath=dist\win-unpacked\iPOS Zen.exe
  ÔÇó downloading     url=https://github.com/electron-userland/electron-builder-binaries/releases/download/winCodeSign-2.6.0/winCodeSign-2.6.0.7z size=5.6 MB parts=1
  ÔÇó downloaded      url=https://github.com/electron-userland/electron-builder-binaries/releases/download/winCodeSign-2.6.0/winCodeSign-2.6.0.7z duration=14.751s
  Ô¿» cannot execute  cause=exit status 2
                    out=
    7-Zip (a) 21.07 (x64) : Copyright (c) 1999-2021 Igor Pavlov : 2021-12-26
    
    Scanning the drive for archives:
    1 file, 5635384 bytes (5504 KiB)
    
    Extracting archive: C:\Users\bilal\AppData\Local\electron-builder\Cache\winCodeSign\172863087.7z
    --
    Path = C:\Users\bilal\AppData\Local\electron-builder\Cache\winCodeSign\172863087.7z
    Type = 7z
    Physical Size = 5635384
    Headers Size = 1492
    Method = LZMA2:24m LZMA:20 BCJ2
    Solid = +
    Blocks = 2
    
    
    Sub items Errors: 2
    
    Archives with Errors: 1
    
    Sub items Errors: 2
    
                    errorOut=ERROR: Cannot create symbolic link : Le client ne dispose pas d'un privilège nécessaire. : C:\Users\bilal\AppData\Local\electron-builder\Cache\winCodeSign\172863087\darwin\10.12\lib\libcrypto.dylib
    ERROR: Cannot create symbolic link : Le client ne dispose pas d'un privilège nécessaire. : C:\Users\bilal\AppData\Local\electron-builder\Cache\winCodeSign\172863087\darwin\10.12\lib\libssl.dylib
    
                    command='C:\Users\bilal\Desktop\ipos-final-v2 (1)\ipos-final\node_modules\7zip-bin\win\x64\7za.exe' x -snld -bd 'C:\Users\bilal\AppData\Local\electron-builder\Cache\winCodeSign\172863087.7z' '-oC:\Users\bilal\AppData\Local\electron-builder\Cache\winCodeSign\172863087'
                    workingDir=C:\Users\bilal\AppData\Local\electron-builder\Cache\winCodeSign
  ÔÇó downloading     url=https://github.com/electron-userland/electron-builder-binaries/releases/download/winCodeSign-2.6.0/winCodeSign-2.6.0.7z size=5.6 MB parts=1
  ÔÇó downloaded      url=https://github.com/electron-userland/electron-builder-binaries/releases/download/winCodeSign-2.6.0/winCodeSign-2.6.0.7z duration=12.203s
  Ô¿» cannot execute  cause=exit status 2
                    out=
    7-Zip (a) 21.07 (x64) : Copyright (c) 1999-2021 Igor Pavlov : 2021-12-26
    
    Scanning the drive for archives:
    1 file, 5635384 bytes (5504 KiB)
    
    Extracting archive: C:\Users\bilal\AppData\Local\electron-builder\Cache\winCodeSign\543342991.7z
    --
    Path = C:\Users\bilal\AppData\Local\electron-builder\Cache\winCodeSign\543342991.7z
    Type = 7z
    Physical Size = 5635384
    Headers Size = 1492
    Method = LZMA2:24m LZMA:20 BCJ2
    Solid = +
    Blocks = 2
    
    
    Sub items Errors: 2
    
    Archives with Errors: 1
    
    Sub items Errors: 2
    
                    errorOut=ERROR: Cannot create symbolic link : Le client ne dispose pas d'un privilège nécessaire. : C:\Users\bilal\AppData\Local\electron-builder\Cache\winCodeSign\543342991\darwin\10.12\lib\libcrypto.dylib
    ERROR: Cannot create symbolic link : Le client ne dispose pas d'un privilège nécessaire. : C:\Users\bilal\AppData\Local\electron-builder\Cache\winCodeSign\543342991\darwin\10.12\lib\libssl.dylib
    
                    command='C:\Users\bilal\Desktop\ipos-final-v2 (1)\ipos-final\node_modules\7zip-bin\win\x64\7za.exe' x -snld -bd 'C:\Users\bilal\AppData\Local\electron-builder\Cache\winCodeSign\543342991.7z' '-oC:\Users\bilal\AppData\Local\electron-builder\Cache\winCodeSign\543342991'
                    workingDir=C:\Users\bilal\AppData\Local\electron-builder\Cache\winCodeSign
  ÔÇó downloading     url=https://github.com/electron-userland/electron-builder-binaries/releases/download/winCodeSign-2.6.0/winCodeSign-2.6.0.7z size=5.6 MB parts=1
  ÔÇó downloaded      url=https://github.com/electron-userland/electron-builder-binaries/releases/download/winCodeSign-2.6.0/winCodeSign-2.6.0.7z duration=8.517s
  Ô¿» cannot execute  cause=exit status 2
                    out=
    7-Zip (a) 21.07 (x64) : Copyright (c) 1999-2021 Igor Pavlov : 2021-12-26
    
    Scanning the drive for archives:
    1 file, 5635384 bytes (5504 KiB)
    
    Extracting archive: C:\Users\bilal\AppData\Local\electron-builder\Cache\winCodeSign\152053763.7z
    --
    Path = C:\Users\bilal\AppData\Local\electron-builder\Cache\winCodeSign\152053763.7z
    Type = 7z
    Physical Size = 5635384
    Headers Size = 1492
    Method = LZMA2:24m LZMA:20 BCJ2
    Solid = +
    Blocks = 2
    
    
    Sub items Errors: 2
    
    Archives with Errors: 1
    
    Sub items Errors: 2
    
                    errorOut=ERROR: Cannot create symbolic link : Le client ne dispose pas d'un privilège nécessaire. : C:\Users\bilal\AppData\Local\electron-builder\Cache\winCodeSign\152053763\darwin\10.12\lib\libcrypto.dylib
    ERROR: Cannot create symbolic link : Le client ne dispose pas d'un privilège nécessaire. : C:\Users\bilal\AppData\Local\electron-builder\Cache\winCodeSign\152053763\darwin\10.12\lib\libssl.dylib
    
                    command='C:\Users\bilal\Desktop\ipos-final-v2 (1)\ipos-final\node_modules\7zip-bin\win\x64\7za.exe' x -snld -bd 'C:\Users\bilal\AppData\Local\electron-builder\Cache\winCodeSign\152053763.7z' '-oC:\Users\bilal\AppData\Local\electron-builder\Cache\winCodeSign\152053763'
                    workingDir=C:\Users\bilal\AppData\Local\electron-builder\Cache\winCodeSign
  ÔÇó downloading     url=https://github.com/electron-userland/electron-builder-binaries/releases/download/winCodeSign-2.6.0/winCodeSign-2.6.0.7z size=5.6 MB parts=1
  ÔÇó downloaded      url=https://github.com/electron-userland/electron-builder-binaries/releases/download/winCodeSign-2.6.0/winCodeSign-2.6.0.7z duration=9.095s
  Ô¿» cannot execute  cause=exit status 2
                    out=
    7-Zip (a) 21.07 (x64) : Copyright (c) 1999-2021 Igor Pavlov : 2021-12-26
    
    Scanning the drive for archives:
    1 file, 5635384 bytes (5504 KiB)
    
    Extracting archive: C:\Users\bilal\AppData\Local\electron-builder\Cache\winCodeSign\462861915.7z
    --
    Path = C:\Users\bilal\AppData\Local\electron-builder\Cache\winCodeSign\462861915.7z
    Type = 7z
    Physical Size = 5635384
    Headers Size = 1492
    Method = LZMA2:24m LZMA:20 BCJ2
    Solid = +
    Blocks = 2
    
    
    Sub items Errors: 2
    
    Archives with Errors: 1
    
    Sub items Errors: 2
    
                    errorOut=ERROR: Cannot create symbolic link : Le client ne dispose pas d'un privilège nécessaire. : C:\Users\bilal\AppData\Local\electron-builder\Cache\winCodeSign\462861915\darwin\10.12\lib\libcrypto.dylib
    ERROR: Cannot create symbolic link : Le client ne dispose pas d'un privilège nécessaire. : C:\Users\bilal\AppData\Local\electron-builder\Cache\winCodeSign\462861915\darwin\10.12\lib\libssl.dylib
    
                    command='C:\Users\bilal\Desktop\ipos-final-v2 (1)\ipos-final\node_modules\7zip-bin\win\x64\7za.exe' x -snld -bd 'C:\Users\bilal\AppData\Local\electron-builder\Cache\winCodeSign\462861915.7z' '-oC:\Users\bilal\AppData\Local\electron-builder\Cache\winCodeSign\462861915'
                    workingDir=C:\Users\bilal\AppData\Local\electron-builder\Cache\winCodeSign
